// Jest Snapshot v1, https://goo.gl/fbAQLP

exports[`page index should renders properly with data 1`] = `
<div>
  <div class="hero is-primary p-b-6 p-t-6 p-l-7 p-r-7 on-appear-slide-down on-delay-0">
    <div class="has-text-weight-bold is-size-5" style="letter-spacing: 1px;">
      Expenses
    </div>
  </div>
  <div class="table-container on-appear-slide-up on-delay-1">
    <table class="table is-striped is-fullwidth">
      <thead>
        <tr class="on-appear-scale-left on-delay-3">
          <th>Date</th>
          <th class="interactable">
            <div class="columns is-vcentered">
              <div class="column">
                Merchant
              </div>
              <div class="column is-narrow font-size-0"><i class="i is-size-6 sort"></i></div>
            </div>
          </th>
          <th class="interactable">
            <div class="columns is-vcentered">
              <div class="column">
                Category
              </div>
              <div class="column is-narrow font-size-0"><i class="i is-size-6 sort"></i></div>
            </div>
          </th>
          <th class="interactable">
            <div class="columns is-vcentered is-variable is-3">
              <div class="column has-text-right">
                Amount
              </div>
              <div class="column is-narrow font-size-0"><i class="i is-size-6 sort"></i></div>
            </div>
          </th>
          <th class="has-text-right">Valuta</th>
          <th>Status</th>
        </tr>
      </thead>
      <tbody name="table-row-on" duration="[object Object]"></tbody>
      <tfoot>
        <tr>
          <td colspan="6" class="p-t-8 p-b-8 has-text-centered">
            <div class="columns is-centered on-appear-slide-up on-delay-4">
              <div class="column is-one-third">
                <nav class="pagination"><a role="button" href="#" disabled="disabled" aria-label="Previous page" class="pagination-previous"><span class="icon" aria-hidden="true"><i class="fa fa-angle-left fa-lg"></i></span></a> <a role="button" href="#" disabled="disabled" aria-label="Next page" class="pagination-next"><span class="icon" aria-hidden="true"><i class="fa fa-angle-right fa-lg"></i></span></a>
                  <ul class="pagination-list">
                    <!---->
                    <!---->
                    <!---->
                    <!---->
                  </ul>
                  <!---->
                </nav>
              </div>
            </div>
          </td>
        </tr>
      </tfoot>
    </table>
  </div>
</div>
`;

exports[`page index should renders properly with no data 1`] = `
<div>
  <div class="hero is-primary p-b-6 p-t-6 p-l-7 p-r-7 on-appear-slide-down on-delay-0">
    <div class="has-text-weight-bold is-size-5" style="letter-spacing: 1px;">
      Expenses
    </div>
  </div>
  <div class="table-container on-appear-slide-up on-delay-1">
    <table class="table is-striped is-fullwidth">
      <thead>
        <tr class="on-appear-scale-left on-delay-3">
          <th>Date</th>
          <th class="interactable">
            <div class="columns is-vcentered">
              <div class="column">
                Merchant
              </div>
              <div class="column is-narrow font-size-0"><i class="i is-size-6 sort"></i></div>
            </div>
          </th>
          <th class="interactable">
            <div class="columns is-vcentered">
              <div class="column">
                Category
              </div>
              <div class="column is-narrow font-size-0"><i class="i is-size-6 sort"></i></div>
            </div>
          </th>
          <th class="interactable">
            <div class="columns is-vcentered is-variable is-3">
              <div class="column has-text-right">
                Amount
              </div>
              <div class="column is-narrow font-size-0"><i class="i is-size-6 sort"></i></div>
            </div>
          </th>
          <th class="has-text-right">Valuta</th>
          <th>Status</th>
        </tr>
      </thead>
      <tbody name="table-row-on" duration="[object Object]"></tbody>
      <tfoot>
        <tr>
          <td colspan="6" class="p-t-8 p-b-8 has-text-centered">
            <div class="columns is-centered on-appear-slide-up on-delay-4">
              <div class="column is-one-third">
                <nav class="pagination"><a role="button" href="#" disabled="disabled" aria-label="Previous page" class="pagination-previous"><span class="icon" aria-hidden="true"><i class="fa fa-angle-left fa-lg"></i></span></a> <a role="button" href="#" disabled="disabled" aria-label="Next page" class="pagination-next"><span class="icon" aria-hidden="true"><i class="fa fa-angle-right fa-lg"></i></span></a>
                  <ul class="pagination-list">
                    <!---->
                    <!---->
                    <!---->
                    <!---->
                  </ul>
                  <!---->
                </nav>
              </div>
            </div>
          </td>
        </tr>
      </tfoot>
    </table>
  </div>
</div>
`;
